{"level":"info","time":"2026-08-26T03:47:05Z","message":"Thank you for trying Cloudflare Tunnel. Doing so, without a Cloudflare account, is a quick way to experiment and try it out. However, be aware that these account-less Tunnels have no uptime guarantee, are subject to the Cloudflare Online Services Terms of Use (https://www.cloudflare.com/website-terms/), and Cloudflare reserves the right to investigate your use of Tunnels for violations of such terms. If you intend to use Tunnels in production you should use a pre-created named tunnel by following: https://developers.cloudflare.com/cloudflare-one/connections/connect-apps"}
{"level":"info","time":"2026-08-26T03:47:05Z","message":"Requesting new quick Tunnel on trycloudflare.com..."}
{"level":"info","time":"2026-08-26T03:47:08Z","message":"+--------------------------------------------------------------------------------------------+"}
{"level":"info","time":"2026-08-26T03:47:08Z","message":"|  Your quick Tunnel has been created! Visit it at (it may take some time to be reachable):  |"}
{"level":"info","time":"2026-08-26T03:47:08Z","message":"|  https://pharmacies-pearl-wednesday-albuquerque.trycloudflare.com                          |"}
{"level":"info","time":"2026-08-26T03:47:08Z","message":"+--------------------------------------------------------------------------------------------+"}
{"level":"info","time":"2026-08-26T03:47:08Z","message":"Cannot determine default configuration path. No file [config.yml config.yaml] in [~/.cloudflared ~/.cloudflare-warp ~/cloudflare-warp /etc/cloudflared /usr/local/etc/cloudflared]"}
{"level":"info","time":"2026-08-26T03:47:08Z","message":"Version 2026.8.2 (Checksum fcfb02b575a52ca1af2e3267af4e1517bcdeb30ac48c834c69abaed3c0576ad2)"}
{"level":"info","time":"2026-08-26T03:47:08Z","message":"GOOS: linux, GOVersion: go1.26.4, GoArch: amd64"}
{"level":"info","time":"2026-08-26T03:47:08Z","message":"Settings: map[ha-connections:1 logfile:/home/runner/work/gpnd/gpnd/cloudflared.log protocol:quic url:http://localhost:6080]"}
{"level":"info","autoupdateFreq":86400000,"time":"2026-08-26T03:47:08Z","message":"Autoupdate frequency is set"}
{"level":"info","time":"2026-08-26T03:47:08Z","message":"Generated Connector ID: f6e99198-836e-425e-91ca-151830759892"}
{"level":"info","time":"2026-08-26T03:47:09Z","message":"Initial protocol quic"}
{"level":"info","time":"2026-08-26T03:47:09Z","message":"ICMP proxy will use 10.1.0.127 as source for IPv4"}
{"level":"info","time":"2026-08-26T03:47:09Z","message":"ICMP proxy will use fe80::20d:3aff:fef8:afa7 in zone eth0 as source for IPv6"}
{"level":"warn","error":"Group ID 1001 is not between ping group 1 to 0","time":"2026-08-26T03:47:09Z","message":"The user running cloudflared process has a GID (group ID) that is not within ping_group_range. You might need to add that user to a group within that range, or instead update the range to encompass a group the user is already in by modifying /proc/sys/net/ipv4/ping_group_range. Otherwise cloudflared will not be able to ping this network"}
{"level":"warn","error":"cannot create ICMPv4 proxy: Group ID 1001 is not between ping group 1 to 0 nor ICMPv6 proxy: socket: permission denied","time":"2026-08-26T03:47:09Z","message":"ICMP proxy feature is disabled"}
{"level":"info","time":"2026-08-26T03:47:09Z","message":"ICMP proxy will use 10.1.0.127 as source for IPv4"}
{"level":"info","time":"2026-08-26T03:47:09Z","message":"ICMP proxy will use fe80::20d:3aff:fef8:afa7 in zone eth0 as source for IPv6"}
{"level":"info","time":"2026-08-26T03:47:09Z","message":"Starting metrics server on 127.0.0.1:20241/metrics"}
{"level":"info","event":0,"ip":"198.41.200.43","connIndex":0,"time":"2026-08-26T03:47:09Z","message":"Tunnel connection curve preferences: [X25519MLKEM768 CurveID(65074) CurveP256]"}
{"level":"info","event":0,"connection":"cb195bcc-ec35-45ca-a28b-af750ffce0c3","connIndex":0,"location":"dfw08","ip":"198.41.200.43","protocol":"quic","time":"2026-08-26T03:47:09Z","message":"Registered tunnel connection"}
{"level":"info","time":"2026-08-26T03:47:15Z","message":"+-------------------------------------------------------------------------------------+"}
{"level":"info","time":"2026-08-26T03:47:15Z","message":"|                               CONNECTIVITY PRE-CHECKS                               |"}
{"level":"info","time":"2026-08-26T03:47:15Z","message":"+-------------------------------------------------------------------------------------+"}
{"level":"info","time":"2026-08-26T03:47:15Z","message":"|  COMPONENT         TARGET                     STATUS  DETAILS                       |"}
{"level":"info","time":"2026-08-26T03:47:15Z","message":"|  DNS Resolution    region1.v2.argotunnel.com  PASS    DNS Resolved successfully     |"}
{"level":"info","time":"2026-08-26T03:47:15Z","message":"|  DNS Resolution    region2.v2.argotunnel.com  PASS    DNS Resolved successfully     |"}
{"level":"info","time":"2026-08-26T03:47:15Z","message":"|  UDP Connectivity  region1.v2.argotunnel.com  PASS    QUIC connection successful    |"}
{"level":"info","time":"2026-08-26T03:47:15Z","message":"|  UDP Connectivity  region2.v2.argotunnel.com  PASS    QUIC connection successful    |"}
{"level":"info","time":"2026-08-26T03:47:15Z","message":"|  TCP Connectivity  region1.v2.argotunnel.com  PASS    HTTP/2 connection successful  |"}
{"level":"info","time":"2026-08-26T03:47:15Z","message":"|  TCP Connectivity  region2.v2.argotunnel.com  PASS    HTTP/2 connection successful  |"}
{"level":"info","time":"2026-08-26T03:47:15Z","message":"|  Cloudflare API    api.cloudflare.com:443     PASS    API is reachable              |"}
{"level":"info","time":"2026-08-26T03:47:15Z","message":"|                                                                                     |"}
{"level":"info","time":"2026-08-26T03:47:15Z","message":"|  SUMMARY: Environment is healthy. cloudflared will use 'quic' as primary protocol.  |"}
{"level":"info","time":"2026-08-26T03:47:15Z","message":"+-------------------------------------------------------------------------------------+"}
{"level":"info","run_id":"2a92d316-3baa-4860-8ee3-c2c77293d1f3","component":"DNS Resolution","target":"region1.v2.argotunnel.com","status":"pass","details":"DNS Resolved successfully","time":"2026-08-26T03:47:15Z","message":"precheck"}
{"level":"info","run_id":"2a92d316-3baa-4860-8ee3-c2c77293d1f3","component":"DNS Resolution","target":"region2.v2.argotunnel.com","status":"pass","details":"DNS Resolved successfully","time":"2026-08-26T03:47:15Z","message":"precheck"}
{"level":"info","run_id":"2a92d316-3baa-4860-8ee3-c2c77293d1f3","component":"UDP Connectivity","target":"region1.v2.argotunnel.com","status":"pass","details":"QUIC connection successful","time":"2026-08-26T03:47:15Z","message":"precheck"}
{"level":"info","run_id":"2a92d316-3baa-4860-8ee3-c2c77293d1f3","component":"UDP Connectivity","target":"region2.v2.argotunnel.com","status":"pass","details":"QUIC connection successful","time":"2026-08-26T03:47:15Z","message":"precheck"}
{"level":"info","run_id":"2a92d316-3baa-4860-8ee3-c2c77293d1f3","component":"TCP Connectivity","target":"region1.v2.argotunnel.com","status":"pass","details":"HTTP/2 connection successful","time":"2026-08-26T03:47:15Z","message":"precheck"}
{"level":"info","run_id":"2a92d316-3baa-4860-8ee3-c2c77293d1f3","component":"TCP Connectivity","target":"region2.v2.argotunnel.com","status":"pass","details":"HTTP/2 connection successful","time":"2026-08-26T03:47:15Z","message":"precheck"}
{"level":"info","run_id":"2a92d316-3baa-4860-8ee3-c2c77293d1f3","component":"Cloudflare API","target":"api.cloudflare.com:443","status":"pass","details":"API is reachable","time":"2026-08-26T03:47:15Z","message":"precheck"}
{"level":"info","run_id":"2a92d316-3baa-4860-8ee3-c2c77293d1f3","hard_fail":false,"suggested_protocol":"quic","time":"2026-08-26T03:47:15Z","message":"precheck complete"}
